- "INSERT INTO feed(\n  author, itunes_guid, img, img100, img30, img60, img600,\n  link, summary, title, updated, url\n) VALUES(\n  \'Daring Fireball / John Gruber\', 528458508, \'http://daringfireball.net/thetalkshow/graphics/cover-1400.jpg\', \'abc\', \'def\', \'ghi\', \'jkl\',\n  NULL, \'The directorâ€™s commentary track for Daring Fireball.\', \'The Talk Show With John Gruber\', \'2015-10-17 19:35:01\', \'http://daringfireball.net/thetalkshow/rss\'\n);"
