- "UPDATE feed SET author = \'Daring Fireball / John Gruber\', itunes_guid = 528458508, img = \'http://daringfireball.net/thetalkshow/graphics/cover-1400.jpg\', img100 = \'abc\', img30 = \'def\', img60 = \'ghi\', img600 = \'jkl\', link = NULL, summary = \'The directorâ€™s commentary track for Daring Fireball.\', title = \'The Talk Show With John Gruber\', updated = \'2015-10-17 19:35:01\', url = \'http://daringfireball.net/thetalkshow/rss\' WHERE feed_id = 1;"
