- "INSERT OR REPLACE INTO feed(feed_url, title) VALUES(\'http://abc.de\', NULL);\nINSERT OR REPLACE INTO entry(\n  entry_guid, feed_url, since\n) VALUES(\n  \'abc\', \'http://abc.de\', \'1970-01-01 00:00:00\'\n);\n\nINSERT OR REPLACE INTO record(\n  record_name, zone_name, change_tag\n) VALUES(\n  \'E49847D6-6251-48E3-9D7D-B70E8B7392CD\', \'queueZone\', \'e\'\n);\nINSERT OR REPLACE INTO queued_entry(\n  entry_guid, ts, record_name\n) VALUES(\n  \'abc\', \'2016-06-06 06:00:00\', \'E49847D6-6251-48E3-9D7D-B70E8B7392CD\'\n);"
