- "INSERT OR REPLACE INTO feed(feed_url, title) VALUES(\'http://abc.de\', NULL);\n\nINSERT OR REPLACE INTO record(\n  record_name, zone_name, change_tag\n) VALUES(\n  \'E49847D6-6251-48E3-9D7D-B70E8B7392CD\', \'queueZone\', \'e\'\n);\nINSERT OR REPLACE INTO subscribed_feed(\n  feed_url, record_name, ts\n) VALUES(\n  \'http://abc.de\', \'E49847D6-6251-48E3-9D7D-B70E8B7392CD\', \'2016-06-06 06:00:00\'\n);"
